2026-01-27 13:29:37 - Admin logged in: admin
2026-01-27 13:33:29 - Admin logged out: admin
2026-01-27 13:33:31 - Cookie accepted by visitor
2026-01-27 13:35:27 - Admin logged in: admin
2026-01-27 13:49:03 - Admin logged in: admin
2026-01-27 13:49:25 - New customer registered: DrStrange@example.com
2026-01-27 13:58:36 - Admin logged in: admin
2026-01-27 14:09:05 - Admin logged in: admin
2026-01-27 14:30:02 - Movie 2 received a like
2026-01-27 14:30:21 - Admin logged out: admin
2026-01-27 14:30:29 - Admin logged in: admin
2026-01-27 14:47:59 - Movie 1 received a like
2026-01-27 14:49:29 - Admin logged out: admin
2026-01-27 14:50:48 - Admin logged in: Josi
2026-01-27 14:53:05 - Admin logged out: Josi
2026-01-27 15:01:53 - Admin logged in: josi
2026-01-27 15:03:28 - Admin logged out: Josi
2026-01-27 15:05:30 - New customer registered: creed@example.com
2026-01-27 15:05:47 - Admin logged in: Josi
2026-01-27 15:06:06 - Admin logged out: Josi
2026-01-28 05:56:53 - Admin logged in: josi
2026-01-28 06:42:08 - Admin logged out: Josi
2026-02-03 17:50:27 - Admin logged in: admin
2026-02-03 18:26:25 - Admin logged out: admin
2026-02-04 12:40:45 - Admin logged in: admin
2026-02-04 12:41:28 - Admin logged out: admin
2026-02-05 07:39:09 - Admin logged in: admin
2026-02-05 07:42:15 - Admin logged out: admin
2026-02-05 07:42:18 - Admin logged in: admin
2026-02-06 05:41:30 - Admin logged in: admin
2026-02-06 10:11:46 - Admin logged in: admin
2026-02-06 11:24:13 - Admin logged out: admin
2026-02-06 11:24:21 - Admin logged in: admin
2026-02-06 11:26:23 - Admin logged out: admin
2026-02-06 11:26:43 - New customer registered: a@gmail.com
2026-02-06 11:26:59 - Admin logged in: admin
2026-02-06 11:27:48 - Admin logged out: admin
2026-02-06 11:27:56 - Movie 5 received a like
2026-02-06 11:28:20 - Admin logged in: admin
2026-02-06 12:02:00 - Admin logged in: admin
2026-02-09 13:05:30 - Admin logged in: admin
2026-02-09 13:07:04 - Admin logged out: admin
2026-02-11 09:56:35 - Admin logged in: admin
